
[1m[46m RUN [49m[22m [36mv3.2.4 [39m[90mC:/Users/USER/Documents/Programming/100 Days of Code[39m

 [31mΓ¥»[39m convex/tasks.test.ts [2m([22m[2m4 tests[22m[2m | [22m[31m4 failed[39m[2m)[22m[32m 72[2mms[22m[39m
[31m   [31m├ù[31m completeTask awards XP and Gold correctly[39m[32m 62[2mms[22m[39m
[31m     ΓåÆ Expected a Convex function exported from module "tasks" as `completeTask`, but there is no such export.[39m
[31m   [31m├ù[31m completeTask increments streak[39m[32m 3[2mms[22m[39m
[31m     ΓåÆ Expected a Convex function exported from module "tasks" as `completeTask`, but there is no such export.[39m
[31m   [31m├ù[31m completeTask breaks streak if gap > 1 day[39m[32m 3[2mms[22m[39m
[31m     ΓåÆ Expected a Convex function exported from module "tasks" as `completeTask`, but there is no such export.[39m
[31m   [31m├ù[31m uncompleteTask reverses rewards[39m[32m 3[2mms[22m[39m
[31m     ΓåÆ Expected a Convex function exported from module "tasks" as `uncompleteTask`, but there is no such export.[39m
 [32mΓ£ô[39m convex/srs.test.ts [2m([22m[2m2 tests[22m[2m)[22m[32m 77[2mms[22m[39m

[2m Test Files [22m [1m[31m1 failed[39m[22m[2m | [22m[1m[32m1 passed[39m[22m[90m (2)[39m
[2m      Tests [22m [1m[31m4 failed[39m[22m[2m | [22m[1m[32m2 passed[39m[22m[90m (6)[39m
[2m   Start at [22m 11:53:25
[2m   Duration [22m 1.53s[2m (transform 377ms, setup 0ms, collect 501ms, tests 149ms, environment 163ms, prepare 965ms)[22m

